../Core/Src/call_mode.c:10:6:watch_mode	16	static
../Core/Src/call_mode.c:48:6:do_home	16	static
../Core/Src/call_mode.c:65:6:set_shelves	8	static
../Core/Src/call_mode.c:102:6:run_point_mode	4	static
../Core/Src/call_mode.c:117:6:run_jog_mode	96	static
../Core/Src/call_mode.c:232:6:p2On	8	static
../Core/Src/call_mode.c:236:6:p1On	8	static
../Core/Src/call_mode.c:240:6:p2Off	8	static
../Core/Src/call_mode.c:244:6:p1Off	8	static
../Core/Src/call_mode.c:248:6:p2Blink	40	static
../Core/Src/call_mode.c:257:6:p1Blink	40	static
