../Core/Src/call_mode.c:10:6:watch_mode	16	static
../Core/Src/call_mode.c:43:6:do_home	16	static
../Core/Src/call_mode.c:60:6:set_shelves	8	static
../Core/Src/call_mode.c:97:6:run_point_mode	4	static
../Core/Src/call_mode.c:112:6:run_jog_mode	96	static
../Core/Src/call_mode.c:206:6:p1On	8	static
../Core/Src/call_mode.c:210:6:p2On	8	static
../Core/Src/call_mode.c:214:6:p1Off	8	static
../Core/Src/call_mode.c:218:6:p2Off	8	static
../Core/Src/call_mode.c:222:6:p1Blink	24	static
../Core/Src/call_mode.c:232:6:p2Blink	24	static
