../Core/Src/main.c:85:5:main	56	static
../Core/Src/main.c:158:6:SystemClock_Config	88	static
../Core/Src/main.c:205:13:MX_TIM2_Init	40	static
../Core/Src/main.c:250:13:MX_TIM3_Init	64	static
../Core/Src/main.c:309:13:MX_TIM4_Init	56	static
../Core/Src/main.c:358:13:MX_TIM16_Init	8	static
../Core/Src/main.c:394:13:MX_USART2_UART_Init	8	static
../Core/Src/main.c:440:13:MX_DMA_Init	16	static
../Core/Src/main.c:462:13:MX_GPIO_Init	48	static
../Core/Src/main.c:499:6:HAL_TIM_PeriodElapsedCallback	16	static
../Core/Src/main.c:511:6:Error_Handler	4	static,ignoring_inline_asm
