../Core/Src/main.c:191:5:main	104	static
../Core/Src/main.c:383:6:SystemClock_Config	88	static
../Core/Src/main.c:430:13:MX_TIM1_Init	56	static
../Core/Src/main.c:481:13:MX_TIM2_Init	40	static
../Core/Src/main.c:526:13:MX_TIM3_Init	72	static
../Core/Src/main.c:599:13:MX_TIM4_Init	72	static
../Core/Src/main.c:672:13:MX_TIM5_Init	64	static
../Core/Src/main.c:731:13:MX_TIM8_Init	72	static
../Core/Src/main.c:818:13:MX_TIM16_Init	8	static
../Core/Src/main.c:854:13:MX_TIM20_Init	72	static
../Core/Src/main.c:941:13:MX_USART2_UART_Init	8	static
../Core/Src/main.c:987:13:MX_DMA_Init	16	static
../Core/Src/main.c:1009:13:MX_GPIO_Init	48	static
../Core/Src/main.c:1091:6:motor_run	24	static
../Core/Src/main.c:1148:6:remote_recieve	56	static
../Core/Src/main.c:1250:5:go_point	8	static
../Core/Src/main.c:1282:6:speedread	8	static
../Core/Src/main.c:1297:6:accelread	4	static
../Core/Src/main.c:1312:6:changeUnit	16	static
../Core/Src/main.c:1316:6:HomemadePID	8	static
../Core/Src/main.c:1401:6:Trajectory	16	static
../Core/Src/main.c:1540:6:Error_Handler	4	static,ignoring_inline_asm
