17:16:08 **** Incremental Build of configuration Debug for project MODBUS2024ALT ****
make -j12 all 
arm-none-eabi-gcc "../Core/Src/call_data.c" -mcpu=cortex-m4 -std=gnu11 -g3 -DDEBUG -DUSE_HAL_DRIVER -DSTM32G474xx -c -I../Core/Inc -I../Drivers/STM32G4xx_HAL_Driver/Inc -I../Drivers/STM32G4xx_HAL_Driver/Inc/Legacy -I../Drivers/CMSIS/Device/ST/STM32G4xx/Include -I../Drivers/CMSIS/Include -O0 -ffunction-sections -fdata-sections -Wall -fstack-usage -fcyclomatic-complexity -MMD -MP -MF"Core/Src/call_data.d" -MT"Core/Src/call_data.o" --specs=nano.specs -mfpu=fpv4-sp-d16 -mfloat-abi=hard -mthumb -o "Core/Src/call_data.o"
arm-none-eabi-gcc "../Core/Src/call_mode.c" -mcpu=cortex-m4 -std=gnu11 -g3 -DDEBUG -DUSE_HAL_DRIVER -DSTM32G474xx -c -I../Core/Inc -I../Drivers/STM32G4xx_HAL_Driver/Inc -I../Drivers/STM32G4xx_HAL_Driver/Inc/Legacy -I../Drivers/CMSIS/Device/ST/STM32G4xx/Include -I../Drivers/CMSIS/Include -O0 -ffunction-sections -fdata-sections -Wall -fstack-usage -fcyclomatic-complexity -MMD -MP -MF"Core/Src/call_mode.d" -MT"Core/Src/call_mode.o" --specs=nano.specs -mfpu=fpv4-sp-d16 -mfloat-abi=hard -mthumb -o "Core/Src/call_mode.o"
../Core/Src/call_mode.c: In function 'watch_mode':
../Core/Src/call_mode.c:10:17: warning: implicit declaration of function 'do_home' [-Wimplicit-function-declaration]
   10 |                 do_home();
      |                 ^~~~~~~
../Core/Src/call_mode.c:16:17: warning: implicit declaration of function 'run_point_mode' [-Wimplicit-function-declaration]
   16 |                 run_point_mode();
      |                 ^~~~~~~~~~~~~~
../Core/Src/call_mode.c: At top level:
../Core/Src/call_mode.c:20:6: warning: conflicting types for 'do_home'; have 'void()'
   20 | void do_home(){
      |      ^~~~~~~
../Core/Src/call_mode.c:10:17: note: previous implicit declaration of 'do_home' with type 'void()'
   10 |                 do_home();
      |                 ^~~~~~~
../Core/Src/call_mode.c:40:6: warning: conflicting types for 'run_point_mode'; have 'void()'
   40 | void run_point_mode(){
      |      ^~~~~~~~~~~~~~
../Core/Src/call_mode.c:16:17: note: previous implicit declaration of 'run_point_mode' with type 'void()'
   16 |                 run_point_mode();
      |                 ^~~~~~~~~~~~~~
arm-none-eabi-gcc -o "MODBUS2024ALT.elf" @"objects.list"   -mcpu=cortex-m4 -T"E:\Fibo_2_2\Stu\All_code\Robotic_Studio_III_ASRS\ModbusDemo2024\MODBUS2024ALT\STM32G474RETX_FLASH.ld" --specs=nosys.specs -Wl,-Map="MODBUS2024ALT.map" -Wl,--gc-sections -static --specs=nano.specs -mfpu=fpv4-sp-d16 -mfloat-abi=hard -mthumb -Wl,--start-group -lc -lm -Wl,--end-group
C:/ST/STM32CubeIDE_1.13.2/STM32CubeIDE/plugins/com.st.stm32cube.ide.mcu.externaltools.gnu-tools-for-stm32.12.3.rel1.win32_1.0.100.202403111256/tools/bin/../lib/gcc/arm-none-eabi/12.3.1/../../../../arm-none-eabi/bin/ld.exe: warning: MODBUS2024ALT.elf has a LOAD segment with RWX permissions
Finished building target: MODBUS2024ALT.elf
 
arm-none-eabi-size  MODBUS2024ALT.elf 
arm-none-eabi-objdump -h -S MODBUS2024ALT.elf  > "MODBUS2024ALT.list"
   text	   data	    bss	    dec	    hex	filename
  25872	    532	   4056	  30460	   76fc	MODBUS2024ALT.elf
Finished building: default.size.stdout
 
Finished building: MODBUS2024ALT.list
 

17:16:10 Build Finished. 0 errors, 5 warnings. (took 1s.230ms)

