00:04:05 **** Incremental Build of configuration Debug for project MODBUS2024ALT ****
make -j12 all 
arm-none-eabi-gcc "../Core/Src/call_data.c" -mcpu=cortex-m4 -std=gnu11 -g3 -DDEBUG -DUSE_HAL_DRIVER -DSTM32G474xx -c -I../Core/Inc -I../Drivers/STM32G4xx_HAL_Driver/Inc -I../Drivers/STM32G4xx_HAL_Driver/Inc/Legacy -I../Drivers/CMSIS/Device/ST/STM32G4xx/Include -I../Drivers/CMSIS/Include -I../Middlewares/Third_Party/ARM_CMSIS/CMSIS/Core/Include/ -I../Middlewares/Third_Party/ARM_CMSIS/PrivateInclude/ -I../Middlewares/Third_Party/ARM_CMSIS/Include/ -I../Middlewares/Third_Party/ARM_CMSIS/Include -I"E:/Fibo_2_2/Stu/All_code/Robotic_Studio_III_ASRS/ModbusDemo2024/MODBUS2024ALT/Source/BasicMathFunctions" -I"E:/Fibo_2_2/Stu/All_code/Robotic_Studio_III_ASRS/ModbusDemo2024/MODBUS2024ALT/Source/BayesFunctions" -I"E:/Fibo_2_2/Stu/All_code/Robotic_Studio_III_ASRS/ModbusDemo2024/MODBUS2024ALT/Source/CommonTables" -I"E:/Fibo_2_2/Stu/All_code/Robotic_Studio_III_ASRS/ModbusDemo2024/MODBUS2024ALT/Source/ComplexMathFunctions" -I"E:/Fibo_2_2/Stu/All_code/Robotic_Studio_III_ASRS/ModbusDemo2024/MODBUS2024ALT/Source/ControllerFunctions" -I"E:/Fibo_2_2/Stu/All_code/Robotic_Studio_III_ASRS/ModbusDemo2024/MODBUS2024ALT/Source/DistanceFunctions" -I"E:/Fibo_2_2/Stu/All_code/Robotic_Studio_III_ASRS/ModbusDemo2024/MODBUS2024ALT/Source/FastMathFunctions" -I"E:/Fibo_2_2/Stu/All_code/Robotic_Studio_III_ASRS/ModbusDemo2024/MODBUS2024ALT/Source/FilteringFunctions" -I"E:/Fibo_2_2/Stu/All_code/Robotic_Studio_III_ASRS/ModbusDemo2024/MODBUS2024ALT/Source/InterpolationFunctions" -I"E:/Fibo_2_2/Stu/All_code/Robotic_Studio_III_ASRS/ModbusDemo2024/MODBUS2024ALT/Source/MatrixFunctions" -I"E:/Fibo_2_2/Stu/All_code/Robotic_Studio_III_ASRS/ModbusDemo2024/MODBUS2024ALT/Source/QuaternionMathFunctions" -I"E:/Fibo_2_2/Stu/All_code/Robotic_Studio_III_ASRS/ModbusDemo2024/MODBUS2024ALT/Source/StatisticsFunctions" -I"E:/Fibo_2_2/Stu/All_code/Robotic_Studio_III_ASRS/ModbusDemo2024/MODBUS2024ALT/Source/SupportFunctions" -I"E:/Fibo_2_2/Stu/All_code/Robotic_Studio_III_ASRS/ModbusDemo2024/MODBUS2024ALT/Source/SVMFunctions" -I"E:/Fibo_2_2/Stu/All_code/Robotic_Studio_III_ASRS/ModbusDemo2024/MODBUS2024ALT/Source/TransformFunctions" -I"E:/Fibo_2_2/Stu/All_code/Robotic_Studio_III_ASRS/ModbusDemo2024/MODBUS2024ALT/Source/WindowFunctions" -O0 -ffunction-sections -fdata-sections -Wall -fstack-usage -fcyclomatic-complexity -MMD -MP -MF"Core/Src/call_data.d" -MT"Core/Src/call_data.o" --specs=nano.specs -mfpu=fpv4-sp-d16 -mfloat-abi=hard -mthumb -o "Core/Src/call_data.o"
arm-none-eabi-gcc "../Core/Src/call_mode.c" -mcpu=cortex-m4 -std=gnu11 -g3 -DDEBUG -DUSE_HAL_DRIVER -DSTM32G474xx -c -I../Core/Inc -I../Drivers/STM32G4xx_HAL_Driver/Inc -I../Drivers/STM32G4xx_HAL_Driver/Inc/Legacy -I../Drivers/CMSIS/Device/ST/STM32G4xx/Include -I../Drivers/CMSIS/Include -I../Middlewares/Third_Party/ARM_CMSIS/CMSIS/Core/Include/ -I../Middlewares/Third_Party/ARM_CMSIS/PrivateInclude/ -I../Middlewares/Third_Party/ARM_CMSIS/Include/ -I../Middlewares/Third_Party/ARM_CMSIS/Include -I"E:/Fibo_2_2/Stu/All_code/Robotic_Studio_III_ASRS/ModbusDemo2024/MODBUS2024ALT/Source/BasicMathFunctions" -I"E:/Fibo_2_2/Stu/All_code/Robotic_Studio_III_ASRS/ModbusDemo2024/MODBUS2024ALT/Source/BayesFunctions" -I"E:/Fibo_2_2/Stu/All_code/Robotic_Studio_III_ASRS/ModbusDemo2024/MODBUS2024ALT/Source/CommonTables" -I"E:/Fibo_2_2/Stu/All_code/Robotic_Studio_III_ASRS/ModbusDemo2024/MODBUS2024ALT/Source/ComplexMathFunctions" -I"E:/Fibo_2_2/Stu/All_code/Robotic_Studio_III_ASRS/ModbusDemo2024/MODBUS2024ALT/Source/ControllerFunctions" -I"E:/Fibo_2_2/Stu/All_code/Robotic_Studio_III_ASRS/ModbusDemo2024/MODBUS2024ALT/Source/DistanceFunctions" -I"E:/Fibo_2_2/Stu/All_code/Robotic_Studio_III_ASRS/ModbusDemo2024/MODBUS2024ALT/Source/FastMathFunctions" -I"E:/Fibo_2_2/Stu/All_code/Robotic_Studio_III_ASRS/ModbusDemo2024/MODBUS2024ALT/Source/FilteringFunctions" -I"E:/Fibo_2_2/Stu/All_code/Robotic_Studio_III_ASRS/ModbusDemo2024/MODBUS2024ALT/Source/InterpolationFunctions" -I"E:/Fibo_2_2/Stu/All_code/Robotic_Studio_III_ASRS/ModbusDemo2024/MODBUS2024ALT/Source/MatrixFunctions" -I"E:/Fibo_2_2/Stu/All_code/Robotic_Studio_III_ASRS/ModbusDemo2024/MODBUS2024ALT/Source/QuaternionMathFunctions" -I"E:/Fibo_2_2/Stu/All_code/Robotic_Studio_III_ASRS/ModbusDemo2024/MODBUS2024ALT/Source/StatisticsFunctions" -I"E:/Fibo_2_2/Stu/All_code/Robotic_Studio_III_ASRS/ModbusDemo2024/MODBUS2024ALT/Source/SupportFunctions" -I"E:/Fibo_2_2/Stu/All_code/Robotic_Studio_III_ASRS/ModbusDemo2024/MODBUS2024ALT/Source/SVMFunctions" -I"E:/Fibo_2_2/Stu/All_code/Robotic_Studio_III_ASRS/ModbusDemo2024/MODBUS2024ALT/Source/TransformFunctions" -I"E:/Fibo_2_2/Stu/All_code/Robotic_Studio_III_ASRS/ModbusDemo2024/MODBUS2024ALT/Source/WindowFunctions" -O0 -ffunction-sections -fdata-sections -Wall -fstack-usage -fcyclomatic-complexity -MMD -MP -MF"Core/Src/call_mode.d" -MT"Core/Src/call_mode.o" --specs=nano.specs -mfpu=fpv4-sp-d16 -mfloat-abi=hard -mthumb -o "Core/Src/call_mode.o"
arm-none-eabi-gcc "../Core/Src/globalVar.c" -mcpu=cortex-m4 -std=gnu11 -g3 -DDEBUG -DUSE_HAL_DRIVER -DSTM32G474xx -c -I../Core/Inc -I../Drivers/STM32G4xx_HAL_Driver/Inc -I../Drivers/STM32G4xx_HAL_Driver/Inc/Legacy -I../Drivers/CMSIS/Device/ST/STM32G4xx/Include -I../Drivers/CMSIS/Include -I../Middlewares/Third_Party/ARM_CMSIS/CMSIS/Core/Include/ -I../Middlewares/Third_Party/ARM_CMSIS/PrivateInclude/ -I../Middlewares/Third_Party/ARM_CMSIS/Include/ -I../Middlewares/Third_Party/ARM_CMSIS/Include -I"E:/Fibo_2_2/Stu/All_code/Robotic_Studio_III_ASRS/ModbusDemo2024/MODBUS2024ALT/Source/BasicMathFunctions" -I"E:/Fibo_2_2/Stu/All_code/Robotic_Studio_III_ASRS/ModbusDemo2024/MODBUS2024ALT/Source/BayesFunctions" -I"E:/Fibo_2_2/Stu/All_code/Robotic_Studio_III_ASRS/ModbusDemo2024/MODBUS2024ALT/Source/CommonTables" -I"E:/Fibo_2_2/Stu/All_code/Robotic_Studio_III_ASRS/ModbusDemo2024/MODBUS2024ALT/Source/ComplexMathFunctions" -I"E:/Fibo_2_2/Stu/All_code/Robotic_Studio_III_ASRS/ModbusDemo2024/MODBUS2024ALT/Source/ControllerFunctions" -I"E:/Fibo_2_2/Stu/All_code/Robotic_Studio_III_ASRS/ModbusDemo2024/MODBUS2024ALT/Source/DistanceFunctions" -I"E:/Fibo_2_2/Stu/All_code/Robotic_Studio_III_ASRS/ModbusDemo2024/MODBUS2024ALT/Source/FastMathFunctions" -I"E:/Fibo_2_2/Stu/All_code/Robotic_Studio_III_ASRS/ModbusDemo2024/MODBUS2024ALT/Source/FilteringFunctions" -I"E:/Fibo_2_2/Stu/All_code/Robotic_Studio_III_ASRS/ModbusDemo2024/MODBUS2024ALT/Source/InterpolationFunctions" -I"E:/Fibo_2_2/Stu/All_code/Robotic_Studio_III_ASRS/ModbusDemo2024/MODBUS2024ALT/Source/MatrixFunctions" -I"E:/Fibo_2_2/Stu/All_code/Robotic_Studio_III_ASRS/ModbusDemo2024/MODBUS2024ALT/Source/QuaternionMathFunctions" -I"E:/Fibo_2_2/Stu/All_code/Robotic_Studio_III_ASRS/ModbusDemo2024/MODBUS2024ALT/Source/StatisticsFunctions" -I"E:/Fibo_2_2/Stu/All_code/Robotic_Studio_III_ASRS/ModbusDemo2024/MODBUS2024ALT/Source/SupportFunctions" -I"E:/Fibo_2_2/Stu/All_code/Robotic_Studio_III_ASRS/ModbusDemo2024/MODBUS2024ALT/Source/SVMFunctions" -I"E:/Fibo_2_2/Stu/All_code/Robotic_Studio_III_ASRS/ModbusDemo2024/MODBUS2024ALT/Source/TransformFunctions" -I"E:/Fibo_2_2/Stu/All_code/Robotic_Studio_III_ASRS/ModbusDemo2024/MODBUS2024ALT/Source/WindowFunctions" -O0 -ffunction-sections -fdata-sections -Wall -fstack-usage -fcyclomatic-complexity -MMD -MP -MF"Core/Src/globalVar.d" -MT"Core/Src/globalVar.o" --specs=nano.specs -mfpu=fpv4-sp-d16 -mfloat-abi=hard -mthumb -o "Core/Src/globalVar.o"
arm-none-eabi-gcc "../Core/Src/main.c" -mcpu=cortex-m4 -std=gnu11 -g3 -DDEBUG -DUSE_HAL_DRIVER -DSTM32G474xx -c -I../Core/Inc -I../Drivers/STM32G4xx_HAL_Driver/Inc -I../Drivers/STM32G4xx_HAL_Driver/Inc/Legacy -I../Drivers/CMSIS/Device/ST/STM32G4xx/Include -I../Drivers/CMSIS/Include -I../Middlewares/Third_Party/ARM_CMSIS/CMSIS/Core/Include/ -I../Middlewares/Third_Party/ARM_CMSIS/PrivateInclude/ -I../Middlewares/Third_Party/ARM_CMSIS/Include/ -I../Middlewares/Third_Party/ARM_CMSIS/Include -I"E:/Fibo_2_2/Stu/All_code/Robotic_Studio_III_ASRS/ModbusDemo2024/MODBUS2024ALT/Source/BasicMathFunctions" -I"E:/Fibo_2_2/Stu/All_code/Robotic_Studio_III_ASRS/ModbusDemo2024/MODBUS2024ALT/Source/BayesFunctions" -I"E:/Fibo_2_2/Stu/All_code/Robotic_Studio_III_ASRS/ModbusDemo2024/MODBUS2024ALT/Source/CommonTables" -I"E:/Fibo_2_2/Stu/All_code/Robotic_Studio_III_ASRS/ModbusDemo2024/MODBUS2024ALT/Source/ComplexMathFunctions" -I"E:/Fibo_2_2/Stu/All_code/Robotic_Studio_III_ASRS/ModbusDemo2024/MODBUS2024ALT/Source/ControllerFunctions" -I"E:/Fibo_2_2/Stu/All_code/Robotic_Studio_III_ASRS/ModbusDemo2024/MODBUS2024ALT/Source/DistanceFunctions" -I"E:/Fibo_2_2/Stu/All_code/Robotic_Studio_III_ASRS/ModbusDemo2024/MODBUS2024ALT/Source/FastMathFunctions" -I"E:/Fibo_2_2/Stu/All_code/Robotic_Studio_III_ASRS/ModbusDemo2024/MODBUS2024ALT/Source/FilteringFunctions" -I"E:/Fibo_2_2/Stu/All_code/Robotic_Studio_III_ASRS/ModbusDemo2024/MODBUS2024ALT/Source/InterpolationFunctions" -I"E:/Fibo_2_2/Stu/All_code/Robotic_Studio_III_ASRS/ModbusDemo2024/MODBUS2024ALT/Source/MatrixFunctions" -I"E:/Fibo_2_2/Stu/All_code/Robotic_Studio_III_ASRS/ModbusDemo2024/MODBUS2024ALT/Source/QuaternionMathFunctions" -I"E:/Fibo_2_2/Stu/All_code/Robotic_Studio_III_ASRS/ModbusDemo2024/MODBUS2024ALT/Source/StatisticsFunctions" -I"E:/Fibo_2_2/Stu/All_code/Robotic_Studio_III_ASRS/ModbusDemo2024/MODBUS2024ALT/Source/SupportFunctions" -I"E:/Fibo_2_2/Stu/All_code/Robotic_Studio_III_ASRS/ModbusDemo2024/MODBUS2024ALT/Source/SVMFunctions" -I"E:/Fibo_2_2/Stu/All_code/Robotic_Studio_III_ASRS/ModbusDemo2024/MODBUS2024ALT/Source/TransformFunctions" -I"E:/Fibo_2_2/Stu/All_code/Robotic_Studio_III_ASRS/ModbusDemo2024/MODBUS2024ALT/Source/WindowFunctions" -O0 -ffunction-sections -fdata-sections -Wall -fstack-usage -fcyclomatic-complexity -MMD -MP -MF"Core/Src/main.d" -MT"Core/Src/main.o" --specs=nano.specs -mfpu=fpv4-sp-d16 -mfloat-abi=hard -mthumb -o "Core/Src/main.o"
arm-none-eabi-gcc "../Core/Src/motor_control.c" -mcpu=cortex-m4 -std=gnu11 -g3 -DDEBUG -DUSE_HAL_DRIVER -DSTM32G474xx -c -I../Core/Inc -I../Drivers/STM32G4xx_HAL_Driver/Inc -I../Drivers/STM32G4xx_HAL_Driver/Inc/Legacy -I../Drivers/CMSIS/Device/ST/STM32G4xx/Include -I../Drivers/CMSIS/Include -I../Middlewares/Third_Party/ARM_CMSIS/CMSIS/Core/Include/ -I../Middlewares/Third_Party/ARM_CMSIS/PrivateInclude/ -I../Middlewares/Third_Party/ARM_CMSIS/Include/ -I../Middlewares/Third_Party/ARM_CMSIS/Include -I"E:/Fibo_2_2/Stu/All_code/Robotic_Studio_III_ASRS/ModbusDemo2024/MODBUS2024ALT/Source/BasicMathFunctions" -I"E:/Fibo_2_2/Stu/All_code/Robotic_Studio_III_ASRS/ModbusDemo2024/MODBUS2024ALT/Source/BayesFunctions" -I"E:/Fibo_2_2/Stu/All_code/Robotic_Studio_III_ASRS/ModbusDemo2024/MODBUS2024ALT/Source/CommonTables" -I"E:/Fibo_2_2/Stu/All_code/Robotic_Studio_III_ASRS/ModbusDemo2024/MODBUS2024ALT/Source/ComplexMathFunctions" -I"E:/Fibo_2_2/Stu/All_code/Robotic_Studio_III_ASRS/ModbusDemo2024/MODBUS2024ALT/Source/ControllerFunctions" -I"E:/Fibo_2_2/Stu/All_code/Robotic_Studio_III_ASRS/ModbusDemo2024/MODBUS2024ALT/Source/DistanceFunctions" -I"E:/Fibo_2_2/Stu/All_code/Robotic_Studio_III_ASRS/ModbusDemo2024/MODBUS2024ALT/Source/FastMathFunctions" -I"E:/Fibo_2_2/Stu/All_code/Robotic_Studio_III_ASRS/ModbusDemo2024/MODBUS2024ALT/Source/FilteringFunctions" -I"E:/Fibo_2_2/Stu/All_code/Robotic_Studio_III_ASRS/ModbusDemo2024/MODBUS2024ALT/Source/InterpolationFunctions" -I"E:/Fibo_2_2/Stu/All_code/Robotic_Studio_III_ASRS/ModbusDemo2024/MODBUS2024ALT/Source/MatrixFunctions" -I"E:/Fibo_2_2/Stu/All_code/Robotic_Studio_III_ASRS/ModbusDemo2024/MODBUS2024ALT/Source/QuaternionMathFunctions" -I"E:/Fibo_2_2/Stu/All_code/Robotic_Studio_III_ASRS/ModbusDemo2024/MODBUS2024ALT/Source/StatisticsFunctions" -I"E:/Fibo_2_2/Stu/All_code/Robotic_Studio_III_ASRS/ModbusDemo2024/MODBUS2024ALT/Source/SupportFunctions" -I"E:/Fibo_2_2/Stu/All_code/Robotic_Studio_III_ASRS/ModbusDemo2024/MODBUS2024ALT/Source/SVMFunctions" -I"E:/Fibo_2_2/Stu/All_code/Robotic_Studio_III_ASRS/ModbusDemo2024/MODBUS2024ALT/Source/TransformFunctions" -I"E:/Fibo_2_2/Stu/All_code/Robotic_Studio_III_ASRS/ModbusDemo2024/MODBUS2024ALT/Source/WindowFunctions" -O0 -ffunction-sections -fdata-sections -Wall -fstack-usage -fcyclomatic-complexity -MMD -MP -MF"Core/Src/motor_control.d" -MT"Core/Src/motor_control.o" --specs=nano.specs -mfpu=fpv4-sp-d16 -mfloat-abi=hard -mthumb -o "Core/Src/motor_control.o"
../Core/Src/call_mode.c: In function 'watch_mode':
../Core/Src/call_mode.c:10:17: warning: implicit declaration of function 'do_home' [-Wimplicit-function-declaration]
   10 |                 do_home();
      |                 ^~~~~~~
../Core/Src/call_mode.c:16:17: warning: implicit declaration of function 'run_point_mode' [-Wimplicit-function-declaration]
   16 |                 run_point_mode();
      |                 ^~~~~~~~~~~~~~
../Core/Src/call_mode.c: At top level:
../Core/Src/call_mode.c:20:6: warning: conflicting types for 'do_home'; have 'void()'
   20 | void do_home(){
      |      ^~~~~~~
../Core/Src/call_mode.c:10:17: note: previous implicit declaration of 'do_home' with type 'void()'
   10 |                 do_home();
      |                 ^~~~~~~
../Core/Src/call_mode.c:40:6: warning: conflicting types for 'run_point_mode'; have 'void()'
   40 | void run_point_mode(){
      |      ^~~~~~~~~~~~~~
../Core/Src/call_mode.c:16:17: note: previous implicit declaration of 'run_point_mode' with type 'void()'
   16 |                 run_point_mode();
      |                 ^~~~~~~~~~~~~~
../Core/Src/main.c: In function 'main':
../Core/Src/main.c:147:11: warning: implicit declaration of function 'watch_mode'; did you mean 'watch_mdoe'? [-Wimplicit-function-declaration]
  147 |           watch_mode();
      |           ^~~~~~~~~~
      |           watch_mdoe
arm-none-eabi-gcc -o "MODBUS2024ALT.elf" @"objects.list"   -mcpu=cortex-m4 -T"E:\Fibo_2_2\Stu\All_code\Robotic_Studio_III_ASRS\ModbusDemo2024\MODBUS2024ALT\STM32G474RETX_FLASH.ld" --specs=nosys.specs -Wl,-Map="MODBUS2024ALT.map" -Wl,--gc-sections -static --specs=nano.specs -mfpu=fpv4-sp-d16 -mfloat-abi=hard -mthumb -Wl,--start-group -lc -lm -Wl,--end-group
C:/ST/STM32CubeIDE_1.13.2/STM32CubeIDE/plugins/com.st.stm32cube.ide.mcu.externaltools.gnu-tools-for-stm32.12.3.rel1.win32_1.0.100.202403111256/tools/bin/../lib/gcc/arm-none-eabi/12.3.1/../../../../arm-none-eabi/bin/ld.exe: warning: MODBUS2024ALT.elf has a LOAD segment with RWX permissions
Finished building target: MODBUS2024ALT.elf
 
arm-none-eabi-size  MODBUS2024ALT.elf 
arm-none-eabi-objdump -h -S MODBUS2024ALT.elf  > "MODBUS2024ALT.list"
   text	   data	    bss	    dec	    hex	filename
  32244	    532	   4480	  37256	   9188	MODBUS2024ALT.elf
Finished building: default.size.stdout
 
Finished building: MODBUS2024ALT.list
 

00:04:07 Build Finished. 0 errors, 6 warnings. (took 1s.798ms)

